current directory: /Users/nerminvejzovic/coding2/BrainBuster2/BrainBuster/vendor/bundle/ruby/3.2.0/gems/date-3.4.1/ext/date
/Users/nerminvejzovic/.rvm/rubies/ruby-3.2.1/bin/ruby extconf.rb
/Users/nerminvejzovic/.rvm/rubies/ruby-3.2.1/bin/ruby: warning: Ruby was built without YJIT support. You may need to install rustc to build Ruby with YJIT.
checking for rb_category_warn()... yes
checking for timezone in time.h with  -Werror... yes
checking for altzone in time.h with  -Werror... no
creating Makefile

current directory: /Users/nerminvejzovic/coding2/BrainBuster2/BrainBuster/vendor/bundle/ruby/3.2.0/gems/date-3.4.1/ext/date
make DESTDIR\= sitearchdir\=./.gem.20250929-81795-d9pgb8 sitelibdir\=./.gem.20250929-81795-d9pgb8 clean

current directory: /Users/nerminvejzovic/coding2/BrainBuster2/BrainBuster/vendor/bundle/ruby/3.2.0/gems/date-3.4.1/ext/date
make DESTDIR\= sitearchdir\=./.gem.20250929-81795-d9pgb8 sitelibdir\=./.gem.20250929-81795-d9pgb8
compiling date_core.c
compiling date_parse.c
compiling date_strftime.c
compiling date_strptime.c
linking shared-object date_core.bundle
ld: warning: -multiply_defined is obsolete
ld: warning: ignoring duplicate libraries: '-lruby.3.2'

current directory: /Users/nerminvejzovic/coding2/BrainBuster2/BrainBuster/vendor/bundle/ruby/3.2.0/gems/date-3.4.1/ext/date
make DESTDIR\= sitearchdir\=./.gem.20250929-81795-d9pgb8 sitelibdir\=./.gem.20250929-81795-d9pgb8 install
/usr/local/opt/coreutils/bin/ginstall -c -m 0755 date_core.bundle ./.gem.20250929-81795-d9pgb8

current directory: /Users/nerminvejzovic/coding2/BrainBuster2/BrainBuster/vendor/bundle/ruby/3.2.0/gems/date-3.4.1/ext/date
make DESTDIR\= sitearchdir\=./.gem.20250929-81795-d9pgb8 sitelibdir\=./.gem.20250929-81795-d9pgb8 clean
