current directory: /Users/nerminvejzovic/coding2/BrainBuster2/BrainBuster/vendor/bundle/ruby/3.2.0/gems/psych-5.2.6/ext/psych
/Users/nerminvejzovic/.rvm/rubies/ruby-3.2.1/bin/ruby extconf.rb
/Users/nerminvejzovic/.rvm/rubies/ruby-3.2.1/bin/ruby: warning: Ruby was built without YJIT support. You may need to install rustc to build Ruby with YJIT.
checking for yaml.h... yes
checking for yaml_get_version() in -lyaml... yes
creating Makefile

current directory: /Users/nerminvejzovic/coding2/BrainBuster2/BrainBuster/vendor/bundle/ruby/3.2.0/gems/psych-5.2.6/ext/psych
make DESTDIR\= sitearchdir\=./.gem.20250929-81795-i9dz89 sitelibdir\=./.gem.20250929-81795-i9dz89 clean
cd libyaml && /Library/Developer/CommandLineTools/usr/bin/make clean
/bin/sh: line 0: cd: libyaml: No such file or directory
make: [clean-so] Error 1 (ignored)

current directory: /Users/nerminvejzovic/coding2/BrainBuster2/BrainBuster/vendor/bundle/ruby/3.2.0/gems/psych-5.2.6/ext/psych
make DESTDIR\= sitearchdir\=./.gem.20250929-81795-i9dz89 sitelibdir\=./.gem.20250929-81795-i9dz89
compiling psych.c
compiling psych_emitter.c
compiling psych_parser.c
compiling psych_to_ruby.c
compiling psych_yaml_tree.c
linking shared-object psych.bundle
ld: warning: -multiply_defined is obsolete
ld: warning: ignoring duplicate libraries: '-lruby.3.2', '-lyaml'

current directory: /Users/nerminvejzovic/coding2/BrainBuster2/BrainBuster/vendor/bundle/ruby/3.2.0/gems/psych-5.2.6/ext/psych
make DESTDIR\= sitearchdir\=./.gem.20250929-81795-i9dz89 sitelibdir\=./.gem.20250929-81795-i9dz89 install
/usr/local/opt/coreutils/bin/ginstall -c -m 0755 psych.bundle ./.gem.20250929-81795-i9dz89

current directory: /Users/nerminvejzovic/coding2/BrainBuster2/BrainBuster/vendor/bundle/ruby/3.2.0/gems/psych-5.2.6/ext/psych
make DESTDIR\= sitearchdir\=./.gem.20250929-81795-i9dz89 sitelibdir\=./.gem.20250929-81795-i9dz89 clean
cd libyaml && /Library/Developer/CommandLineTools/usr/bin/make clean
/bin/sh: line 0: cd: libyaml: No such file or directory
make: [clean-so] Error 1 (ignored)
